
=== Domino Game E2E Test ===

Test 1: Create a game
  тЬЕ Player 1 connected
  тЬЕ Game created
  тЬЕ Join code: 4F7QP5
  тЬЕ Phase: lobby
  тЬЕ 1 player in lobby
  тЬЕ Alice is host

Test 2: Bob joins
  тЬЕ Bob joined
  тЬЕ 2 players in lobby

Test 3: Add bot
  тЬЕ Bot added
  тЬЕ Bot is present

Test 4: Non-host cannot start
  тЬЕ Rejected: non-host start

Test 5: Start game
  тЬЕ Game started
  тЬЕ Phase: playing
  тЬЕ Alice: 7 tiles
  тЬЕ Round 1
  тЬЕ Bob: 7 tiles

Test 6: Spectator
  тЬЕ Spectator joined
  тЬЕ Spectator sees playing

Test 7: Play round 1
  тЬЕ Round result received
  тЬЕ 3 players in round result
    Winner: Bot Alice (+19 pts)
      Alice: 1 tiles, 12 pips, score 0
      Bob: 1 tiles, 7 pips, score 0
      Bot Alice: 0 tiles, 0 pips, score 19
  тЬЕ Phase: round-summary

Test 8: Next round
  тЬЕ Round 2 started
  тЬЕ Round 2
  тЬЕ Alice: 7 tiles in R2

Test 9: Reconnection
  тЬЕ Bob reconnected
  тЬЕ Bob got state after reconnect

Test 10: Bob leaves
  тЬЕ Bob replaced by computer

Test 11: Notifications
  тЬЕ 32 notifications
    Types: player-joined, round-started, tile-placed, tile-drawn, round-ended, player-disconnected, player-reconnected, computer-replaced, player-left
  тЬЕ Has tile-placed
  тЬЕ Has round-ended

Cleanup

========================================
Results: 30 passed, 0 failed
========================================

